MPASM  5.20                          CODE.ASM   2-20-2016  21:31:39         PAGE  1


LOC  OBJECT CODE     LINE SOURCE TEXT
  VALUE

                      00001 #include p16f84a.inc
                      00001         LIST
                      00002 ; P16F84A.INC  Standard Header File, Version 2.00    Microchip Technology, Inc.
                      00134         LIST
Warning[205]: Found directive in column 1. (__CONFIG)
2007   3FF2           00002 __CONFIG  _CP_OFF & _WDT_OFF & _PWRTE_ON & _HS_OSC
                      00003 
                      00004 
Warning[205]: Found directive in column 1. (CBLOCK)
                      00005 CBLOCK 0x0c
  0000000C            00006 COUNT_TMP
Warning[205]: Found directive in column 1. (ENDC)
                      00007 ENDC
                      00008 
                      00009 
Warning[205]: Found directive in column 1. (org)
0000                  00010 org 0x00
Warning[203]: Found opcode in column 1. (bsf)
0000   1683           00011 bsf STATUS,RP0
Warning[203]: Found opcode in column 1. (movlw)
0001   3000           00012 movlw 0x00
Warning[203]: Found opcode in column 1. (movwf)
Message[302]: Register in operand not in bank 0.  Ensure that bank bits are correct.
0002   0085           00013 movwf TRISA
Warning[203]: Found opcode in column 1. (movlw)
0003   3003           00014 movlw 0x03
Warning[203]: Found opcode in column 1. (movwf)
Message[302]: Register in operand not in bank 0.  Ensure that bank bits are correct.
0004   0086           00015 movwf TRISB
Warning[203]: Found opcode in column 1. (movlw)
0005   3006           00016 movlw b'00000110'
Warning[203]: Found opcode in column 1. (movwf)
Message[302]: Register in operand not in bank 0.  Ensure that bank bits are correct.
0006   0081           00017 movwf OPTION_REG
Warning[203]: Found opcode in column 1. (bcf)
0007   1283           00018 bcf STATUS, RP0
Warning[203]: Found opcode in column 1. (bcf)
0008   1005           00019 bcf PORTA,0
Warning[203]: Found opcode in column 1. (bcf)
0009   1106           00020 bcf PORTB,2
                      00021 
000A                  00022 check11
Warning[203]: Found opcode in column 1. (btfss)
000A   1C06           00023 btfss PORTB, 0
Warning[203]: Found opcode in column 1. (goto)
000B   2819           00024 goto check10
Warning[203]: Found opcode in column 1. (btfss)
000C   1C86           00025 btfss PORTB, 1
Warning[203]: Found opcode in column 1. (goto)
000D   2826           00026 goto check01
Warning[203]: Found opcode in column 1. (goto)
000E   280F           00027 goto result11
                      00028 
MPASM  5.20                          CODE.ASM   2-20-2016  21:31:39         PAGE  2


LOC  OBJECT CODE     LINE SOURCE TEXT
  VALUE

000F                  00029 result11
Warning[203]: Found opcode in column 1. (movlw)
000F   30F3           00030 movlw d'243'
Warning[203]: Found opcode in column 1. (movwf)
0010   0081           00031 movwf TMR0
Warning[203]: Found opcode in column 1. (bcf)
0011   110B           00032 bcf INTCON, T0IF
Warning[203]: Found opcode in column 1. (goto)
0012   2813           00033 goto start3
                      00034 
0013                  00035 start3
Warning[203]: Found opcode in column 1. (btfss)
0013   1D0B           00036 btfss INTCON, T0IF
Warning[203]: Found opcode in column 1. (goto)
0014   2813           00037 goto start3
Warning[203]: Found opcode in column 1. (movlw)
0015   3001           00038 movlw b'00000001'
Warning[203]: Found opcode in column 1. (xorwf)
0016   0685           00039 xorwf PORTA, F
Warning[203]: Found opcode in column 1. (call)
0017   2030           00040 call setoutput
Warning[203]: Found opcode in column 1. (goto)
0018   280F           00041 goto result11
                      00042 
                      00043 
0019                  00044 check10
Warning[203]: Found opcode in column 1. (btfss)
0019   1C86           00045 btfss PORTB, 1
Warning[203]: Found opcode in column 1. (goto)
001A   280A           00046 goto check11
Warning[203]: Found opcode in column 1. (goto)
001B   281C           00047 goto result10
                      00048 
001C                  00049 result10
Warning[203]: Found opcode in column 1. (movlw)
001C   30EC           00050 movlw d'236'
Warning[203]: Found opcode in column 1. (movwf)
001D   0081           00051 movwf TMR0
Warning[203]: Found opcode in column 1. (bcf)
001E   110B           00052 bcf INTCON, T0IF
Warning[203]: Found opcode in column 1. (goto)
001F   2820           00053 goto start2
                      00054 
0020                  00055 start2
Warning[203]: Found opcode in column 1. (btfss)
0020   1D0B           00056 btfss INTCON, T0IF
Warning[203]: Found opcode in column 1. (goto)
0021   2820           00057 goto start2
Warning[203]: Found opcode in column 1. (movlw)
0022   3001           00058 movlw b'00000001'
Warning[203]: Found opcode in column 1. (xorwf)
0023   0685           00059 xorwf PORTA, F
Warning[203]: Found opcode in column 1. (call)
MPASM  5.20                          CODE.ASM   2-20-2016  21:31:39         PAGE  3


LOC  OBJECT CODE     LINE SOURCE TEXT
  VALUE

0024   2030           00060 call setoutput
Warning[203]: Found opcode in column 1. (goto)
0025   281C           00061 goto result10
                      00062 
                      00063 
0026                  00064 check01
Warning[203]: Found opcode in column 1. (movlw)
0026   30D8           00065 movlw d'216'
Warning[203]: Found opcode in column 1. (movwf)
0027   0081           00066 movwf TMR0
Warning[203]: Found opcode in column 1. (bcf)
0028   110B           00067 bcf INTCON, T0IF
Warning[203]: Found opcode in column 1. (goto)
0029   282A           00068 goto start1
                      00069 
002A                  00070 start1
Warning[203]: Found opcode in column 1. (btfss)
002A   1D0B           00071 btfss INTCON, T0IF
Warning[203]: Found opcode in column 1. (goto)
002B   282A           00072 goto start1
Warning[203]: Found opcode in column 1. (movlw)
002C   3001           00073 movlw b'00000001'
Warning[203]: Found opcode in column 1. (xorwf)
002D   0685           00074 xorwf PORTA, F
Warning[203]: Found opcode in column 1. (call)
002E   2030           00075 call setoutput
Warning[203]: Found opcode in column 1. (goto)
002F   2826           00076 goto check01
                      00077 
0030                  00078 setoutput
Warning[203]: Found opcode in column 1. (btfss)
0030   1C05           00079 btfss PORTA,0
Warning[203]: Found opcode in column 1. (bcf)
0031   1106           00080 bcf PORTB,2
Warning[203]: Found opcode in column 1. (btfsc)
0032   1805           00081 btfsc PORTA,0
Warning[203]: Found opcode in column 1. (bsf)
0033   1506           00082 bsf PORTB,2
Warning[203]: Found opcode in column 1. (return)
0034   0008           00083 return
                      00084 
Warning[205]: Found directive in column 1. (end)
                      00085 end
MPASM  5.20                          CODE.ASM   2-20-2016  21:31:39         PAGE  4


SYMBOL TABLE
  LABEL                             VALUE 

C                                 00000000
COUNT_TMP                         0000000C
DC                                00000001
EEADR                             00000009
EECON1                            00000088
EECON2                            00000089
EEDATA                            00000008
EEIE                              00000006
EEIF                              00000004
F                                 00000001
FSR                               00000004
GIE                               00000007
INDF                              00000000
INTCON                            0000000B
INTE                              00000004
INTEDG                            00000006
INTF                              00000001
IRP                               00000007
NOT_PD                            00000003
NOT_RBPU                          00000007
NOT_TO                            00000004
OPTION_REG                        00000081
PCL                               00000002
PCLATH                            0000000A
PORTA                             00000005
PORTB                             00000006
PS0                               00000000
PS1                               00000001
PS2                               00000002
PSA                               00000003
RBIE                              00000003
RBIF                              00000000
RD                                00000000
RP0                               00000005
RP1                               00000006
STATUS                            00000003
T0CS                              00000005
T0IE                              00000005
T0IF                              00000002
T0SE                              00000004
TMR0                              00000001
TRISA                             00000085
TRISB                             00000086
W                                 00000000
WR                                00000001
WREN                              00000002
WRERR                             00000003
Z                                 00000002
_CP_OFF                           00003FFF
_CP_ON                            0000000F
_HS_OSC                           00003FFE
_LP_OSC                           00003FFC
_PWRTE_OFF                        00003FFF
MPASM  5.20                          CODE.ASM   2-20-2016  21:31:39         PAGE  5


SYMBOL TABLE
  LABEL                             VALUE 

_PWRTE_ON                         00003FF7
_RC_OSC                           00003FFF
_WDT_OFF                          00003FFB
_WDT_ON                           00003FFF
_XT_OSC                           00003FFD
__16F84A                          00000001
__DEBUG                           1
check01                           00000026
check10                           00000019
check11                           0000000A
result10                          0000001C
result11                          0000000F
setoutput                         00000030
start1                            0000002A
start2                            00000020
start3                            00000013


MEMORY USAGE MAP ('X' = Used,  '-' = Unused)

0000 : XXXXXXXXXXXXXXXX XXXXXXXXXXXXXXXX XXXXXXXXXXXXXXXX XXXXX-----------
2000 : -------X-------- ---------------- ---------------- ----------------

All other memory blocks unused.

Program Memory Words Used:    53
Program Memory Words Free:   971


Errors   :     0
Warnings :    58 reported,     0 suppressed
Messages :     3 reported,     0 suppressed

